../Core/Src/main.c:73:6:delay_us	16	static
../Core/Src/main.c:79:6:delay	16	static
../Core/Src/main.c:94:6:NEXTION_SendString	72	static
../Core/Src/main.c:123:6:Set_Pin_Output	32	static
../Core/Src/main.c:132:6:Set_Pin_Input	32	static
../Core/Src/main.c:146:9:DS18B20_Start	16	static
../Core/Src/main.c:164:6:DS18B20_Write	24	static
../Core/Src/main.c:196:9:DS18B20_Read	16	static
../Core/Src/main.c:225:6:verileri_oku	8	static
../Core/Src/main.c:266:6:HAL_UART_RxCpltCallback	16	static
../Core/Src/main.c:305:5:main	48	static
../Core/Src/main.c:383:6:SystemClock_Config	72	static
../Core/Src/main.c:423:13:MX_I2C1_Init	8	static
../Core/Src/main.c:457:13:MX_TIM1_Init	56	static
../Core/Src/main.c:510:13:MX_TIM2_Init	80	static
../Core/Src/main.c:580:13:MX_USART1_UART_Init	8	static
../Core/Src/main.c:611:13:MX_DMA_Init	16	static
../Core/Src/main.c:629:13:MX_GPIO_Init	40	static
../Core/Src/main.c:686:6:HAL_GPIO_EXTI_Callback	16	static
../Core/Src/main.c:711:6:Error_Handler	4	static,ignoring_inline_asm
